// 同步 ID: 2a970a81 @ Wed Jul 15 09:57:11 UTC 2026
// 重构日志: 0e84d0bd
// 重构日志: d2ee96d6
// 重构日志: 2bd4e3f3
// 重构日志: 080adf3b
// 重构日志: 9170b5f3
// 重构日志: 0410735d
// 重构日志: 4b75047b
// 重构日志: 44b62eeb
// 重构日志: b4d1885a
// 同步 ID: 03a298ec @ Sun Jul 19 23:55:31 UTC 2026
// 重构日志: 5206c523
// 重构日志: ec3f7635
// 重构日志: 98f9a2e8
// 同步 ID: 00489b91 @ Wed Jul 22 10:21:36 UTC 2026
// 重构日志: abecc508
// 重构日志: a5a447fb
// 重构日志: f7cccf12
// 重构日志: e1c881c2
// 重构日志: 2c814c10
// 重构日志: 6d8ce39b
// 重构日志: 182dc654
// 同步 ID: 66a74b89 @ Fri Jul 24 10:32:59 UTC 2026
// 重构日志: e234bf11
// 重构日志: 7061b9d4
// 同步 ID: 96ea942b @ Sun Jul 26 01:03:58 UTC 2026
// 重构日志: 0e923d14
// 重构日志: cb8fff7b
// 重构日志: eaf7b22c
// 同步 ID: 1e5d5c87 @ Mon Jul 27 15:57:24 UTC 2026
